// Jest Snapshot v1, https://goo.gl/fbAQLP

exports[`Select should match snapshot 1`] = `
.c6 {
  display: -webkit-inline-box;
  display: -webkit-inline-flex;
  display: -ms-inline-flexbox;
  display: inline-flex;
  -webkit-box-pack: center;
  -webkit-justify-content: center;
  -ms-flex-pack: center;
  justify-content: center;
  -webkit-align-items: center;
  -webkit-box-align: center;
  -ms-flex-align: center;
  align-items: center;
  cursor: unset;
  -webkit-transition: all .2s ease-in-out;
  transition: all .2s ease-in-out;
}

.c6 > * {
  width: 1em;
  height: 1em;
  font-size: 1.25rem;
}

.c0 {
  position: relative;
  font-size: 1rem;
  color: #B4B4B4;
  line-height: 1.25rem;
}

.c1 {
  all: unset;
  border: 1px solid #404040;
  max-height: 3.125rem;
  box-sizing: border-box;
  display: -webkit-inline-box;
  display: -webkit-inline-flex;
  display: -ms-inline-flexbox;
  display: inline-flex;
  min-width: 10.9375rem;
  cursor: pointer;
  gap: 0.75rem;
  border-radius: 0.375rem;
  padding: 0.875rem 1.25rem;
  -webkit-box-pack: justify;
  -webkit-justify-content: space-between;
  -ms-flex-pack: justify;
  justify-content: space-between;
  -webkit-align-items: center;
  -webkit-box-align: center;
  -ms-flex-align: center;
  align-items: center;
  -webkit-transition: all .2s ease-in-out;
  transition: all .2s ease-in-out;
}

.c1:hover,
.c1:active {
  border-color: #B4B4B4;
}

.c1:focus-visible {
  outline-offset: 1px;
  outline: 1px solid #FFF;
}

.c2 {
  display: -webkit-box;
  display: -webkit-flex;
  display: -ms-flexbox;
  display: flex;
}

.c2 input[type='checkbox'] {
  display: none;
}

.c5 {
  display: none;
}

.c5 input[type='checkbox'] {
  display: none;
}

.c3 {
  margin: 0;
}

.c4 {
  margin: 0;
}

.c7 {
  position: absolute;
  z-index: 100;
  top: 2.625rem;
  right: 0;
  border: 0px solid #494949;
  min-width: calc(10.9375rem - 0.125rem);
  border-radius: 0.375rem;
  padding: 0;
  text-align: right;
  width: calc(100% - 0.125rem);
  background: #161B20;
  list-style: none;
  overflow: hidden;
  max-height: 0;
  -webkit-transition: max-height 0.15s ease-out,border 0.2s ease-out,margin 0.2s eas-out 0.3s;
  transition: max-height 0.15s ease-out,border 0.2s ease-out,margin 0.2s eas-out 0.3s;
}

.c8 {
  padding: 0.5rem 1.25rem;
  cursor: pointer;
  -webkit-transition: all .2s ease-in-out;
  transition: all .2s ease-in-out;
}

.c8:hover,
.c8:focus {
  background: #494949;
  outline: none;
}

@media (max-width:760px) {
  .c1 {
    width: 100%;
  }
}

<div
  class="c0"
  data-testid="select"
>
  <button
    class="c1"
  >
    <div
      class="c2"
    >
      <input
        checked=""
        class="c3"
        type="checkbox"
        value="Sort by"
      />
      <p
        class="c4"
      >
        Sort by
      </p>
    </div>
    <div
      class="c5"
    >
      <input
        class="c3"
        type="checkbox"
        value="Symbol"
      />
      <p
        class="c4"
      >
        Symbol
      </p>
    </div>
    <div
      class="c5"
    >
      <input
        class="c3"
        type="checkbox"
        value="Date"
      />
      <p
        class="c4"
      >
        Date
      </p>
    </div>
    <div
      class="c5"
    >
      <input
        class="c3"
        type="checkbox"
        value="Base Asset"
      />
      <p
        class="c4"
      >
        Base Asset
      </p>
    </div>
    <div
      class="c5"
    >
      <input
        class="c3"
        type="checkbox"
        value="Quote Asset"
      />
      <p
        class="c4"
      >
        Quote Asset
      </p>
    </div>
    <div
      class="c6"
      data-testid="icon"
      size="20"
      style="transform: rotate(0deg); transition: all .2s ease-in-out;"
    >
      <svg
        theme="[object Object]"
      >
        arrow-full-light.svg
      </svg>
    </div>
  </button>
  <ul
    class="c7"
  >
    <li
      class="c8"
      tabindex="1"
    >
      Sort by
    </li>
    <li
      class="c8"
      tabindex="1"
    >
      Symbol
    </li>
    <li
      class="c8"
      tabindex="1"
    >
      Date
    </li>
    <li
      class="c8"
      tabindex="1"
    >
      Base Asset
    </li>
    <li
      class="c8"
      tabindex="1"
    >
      Quote Asset
    </li>
  </ul>
</div>
`;
