// Jest Snapshot v1, https://goo.gl/fbAQLP

exports[`IconButton should render a IconButton with icon only 1`] = `
.c0 {
  height: 1.5625rem;
  width: 1.5625rem;
  cursor: pointer;
}

<img
  alt="ETH"
  class="c0"
  data-testid="icon-button"
  src="eth.png"
/>
`;

exports[`IconButton should render a disabled IconButton with img and Text 1`] = `
.c0 {
  padding: 0.5rem;
  border: 1px solid #404040;
  border-radius: 0.375rem;
  display: -webkit-box;
  display: -webkit-flex;
  display: -ms-flexbox;
  display: flex;
  -webkit-align-items: center;
  -webkit-box-align: center;
  -ms-flex-align: center;
  align-items: center;
  -webkit-box-pack: center;
  -webkit-justify-content: center;
  -ms-flex-pack: center;
  justify-content: center;
  background: linear-gradient(to left,#1C2125,#1C2125);
  -webkit-transition: all .2s ease-in-out;
  transition: all .2s ease-in-out;
  outline: 1px solid transparent;
}

.c0:hover {
  opacity: 0.8;
}

.c0:active {
  outline: none;
}

.c0:focus-visible {
  outline-offset: 1px;
  outline: 1px solid #FFF;
}

.c1 {
  height: 2.5rem;
  width: 2.5rem;
  cursor: pointer;
}

<button
  class="c0"
  data-testid="icon-button"
  disabled=""
>
  <img
    alt="ETH"
    class="c1"
    src="eth.png"
  />
</button>
`;
